c7e00000 T _start
c7e00020 t _undefined_instruction
c7e00024 t _software_interrupt
c7e00028 t _prefetch_abort
c7e0002c t _data_abort
c7e00030 t _not_used
c7e00034 t _irq
c7e00038 t _fiq
c7e0003c t _pad
c7e00040 T _end_vect
c7e00040 t _TEXT_BASE
c7e00044 t _TEXT_PHY_BASE
c7e00048 T _armboot_start
c7e0004c T _bss_start
c7e00050 T _bss_end
c7e00054 t reset
c7e00064 t cpu_init_crit
c7e000b8 t after_copy
c7e000f0 t enable_mmu
c7e00110 t mmu_on
c7e0012c t skip_hw_init
c7e0012c t stack_setup
c7e00130 t clear_bss
c7e0013c t clbss_l
c7e00150 t _start_armboot
c7e00154 t _mmu_table_base
c7e00158 T copy_from_nand
c7e001a4 t copy_failed
c7e001ac t compare_failed
c7e001b4 T theLastJump
c7e001d0 t phy_last_jump
c7e00200 t undefined_instruction
c7e00260 t software_interrupt
c7e002c0 t prefetch_abort
c7e00320 t data_abort
c7e00380 t not_used
c7e003e0 t irq
c7e00440 t fiq
c7e004a0 T arm1136_cache_flush
c7e004c0 T mem_ctrl_asm_init
c7e005bc t check_dmc1_ready
c7e005d8 T cleanDCache
c7e005e4 T cleanFlushDCache
c7e005f0 T cleanFlushCache
c7e0061c T copy_uboot_to_ram
c7e0072c t _Read_512Byte
c7e0074c t _Write_512Byte
c7e0076c t nand_calculate_ecc_8bit
c7e0081c t NAND_ReadPage_mlc
c7e00b18 T NandIsMlc1
c7e00b28 T NandIsMlc2
c7e00b38 T NandIsMlc
c7e00b50 T NAND_Init
c7e00dec T NAND_ReadPage
c7e01050 T NAND_CheckBlock
c7e01168 T NAND_MarkBlockBad
c7e01268 T NAND_WriteSectorWithOOB
c7e0161c T NAND_ReadSectorWithOOB
c7e01758 T NAND_EraseBlock
c7e01818 T FriendlyARMWriteNandMlcBoot
c7e01928 T FriendlyARMCheckData
c7e019a8 t FlagNandIsMlc1
c7e019ac t FlagNandIsMlc2
c7e019b0 t FlagNandIsSlc
c7e01a24 T NandSizeInByteShift
c7e01a28 T NandBlockSizeInByteShift
c7e01a2c T NandEccBit
c7e01a30 T NandOobSize
c7e01a34 T NandPageSizeInByteShift
c7e01a38 T movi_set_capacity
c7e01a3c T movi_set_ofs
c7e01a84 T movi_init
c7e01ab8 T movi_write_env
c7e01acc T movi_read_env
c7e01ae0 T movi_bl2_copy
c7e01b20 T raise
c7e01b24 T __aeabi_ldiv0
c7e01b28 T __div0
c7e01b2c t _TEXT_BASE
c7e01b30 T lowlevel_init
c7e01c00 t wakeup_reset
c7e01c2c t system_clock_init
c7e01c60 t check_syncack
c7e01d00 t uart_asm_init
c7e01d50 t nand_asm_init
c7e01dd0 T enable_interrupts
c7e01dd4 T disable_interrupts
c7e01ddc T bad_mode
c7e01df8 T show_regs
c7e01f38 T do_undefined_instruction
c7e01f5c T do_software_interrupt
c7e01f80 T do_prefetch_abort
c7e01fa4 T do_data_abort
c7e01fc8 T do_not_used
c7e01fec T do_fiq
c7e02010 T do_irq
c7e02034 T interrupt_init
c7e020c4 T set_timer
c7e020d4 T reset_timer_masked
c7e02100 T reset_timer
c7e02104 T get_timer_masked
c7e02154 T get_timer
c7e02168 T udelay
c7e021d8 T udelay_masked
c7e0224c T get_ticks
c7e0225c T get_tbclk
c7e02274 t write_p15_c1
c7e02280 t cp_delay
c7e022ac T cpu_init
c7e022b4 T cleanup_before_linux
c7e022e0 T reset_cpu
c7e02318 T do_reset
c7e02330 T icache_enable
c7e02348 T icache_disable
c7e02360 T icache_status
c7e02374 T dcache_enable
c7e0238c T dcache_disable
c7e023a4 T dcache_status
c7e023b8 T branch_enable
c7e023d0 T branch_disable
c7e023e8 T branch_status
c7e023fc t wait_for_r_buf_ready
c7e02458 t wait_for_cmd_done
c7e024a0 t wait_for_data_done
c7e024bc t ClearCommandCompleteStatus
c7e024dc t ClearTransferCompleteStatus
c7e02500 t ClearBufferReadReadyStatus
c7e02524 t card_irq_enable
c7e02548 t set_transfer_mode_register
c7e02580 t ClearErrInterruptStatus
c7e025ac t hsmmc_clock_onoff
c7e025f4 t set_cmd_register
c7e0264c t check_dma_int
c7e026b0 t issue_command
c7e027b0 t check_card_status
c7e027ec t process_ext_csd
c7e028c0 t set_clock.clone.2
c7e0293c t set_hostctl_speed.clone.5
c7e02954 T hsmmc_reset
c7e02968 T hsmmc_set_gpio
c7e0299c T hsmmc_init
c7e02f14 T movi_write
c7e03070 T movi_read
c7e0318c T test_hsmmc
c7e036b0 T serial_setbrg
c7e036b4 T serial_init
c7e036bc T serial_getc
c7e036dc T serial_putc
c7e03708 T serial_tstc
c7e0371c T serial_puts
c7e0373c t get_PLLCLK
c7e037a4 T get_ARMCLK
c7e037cc T get_FCLK
c7e037d4 T get_HCLK
c7e03828 T get_PCLK
c7e0387c T get_UCLK
c7e03884 T print_cpuinfo
c7e0393c t display_dram_config
c7e03978 t display_banner
c7e03998 t init_baudrate
c7e039fc T sbrk
c7e03a34 T hang
c7e03a48 T start_armboot
c7e03c64 t __fswab32
c7e03c80 t startAgainTimeout
c7e03c94 t startAgainHandler
c7e03c98 t NetCopyIP
c7e03ca0 t NetReadIP
c7e03cbc t PingHandler
c7e03ce4 t PingTimeout
c7e03d00 T NetSetHandler
c7e03d10 T NetSetTimeout
c7e03d40 T NetStartAgain
c7e03dc0 T NetSendPacket
c7e03dc4 T NetCksum
c7e03dfc T NetCksumOk
c7e03e20 T NetEthHdrSize
c7e03e60 T NetSetEther
c7e03f04 T ArpRequest
c7e04004 T ArpTimeoutCheck
c7e04078 T PingSend
c7e041c0 T NetSetIP
c7e042e8 T NetSendUDPPacket
c7e04428 T copy_filename
c7e0446c T ip_to_string
c7e044b0 T string_to_ip
c7e0451c T VLAN_to_string
c7e0456c T string_to_VLAN
c7e045c4 T print_IPaddr
c7e045e0 T NetReceive
c7e04afc T getenv_IPaddr
c7e04b0c T getenv_VLAN
c7e04b1c T NetLoop
c7e04ef4 t TftpSend
c7e05064 t TftpTimeout
c7e050c0 t TftpHandler
c7e0530c T TftpStart
c7e05500 t __fswab32
c7e0551c t NetCopyIP
c7e05524 t BootpHandler
c7e058dc t NetWriteIP.clone.0
c7e058f8 T BootpRequest
c7e05af0 t BootpTimeout
c7e05b38 t RarpHandler
c7e05b94 T RarpRequest
c7e05c8c t RarpTimeout
c7e05cd4 T eth_initialize
c7e05cdc t __fswab32
c7e05cf8 t NfsTimeout
c7e05d1c t basename
c7e05d5c t rpc_add_credentials
c7e05e30 t rpc_lookup_reply
c7e05ed0 t rpc_req
c7e05fcc t rpc_lookup_req
c7e0602c t nfs_mount_req
c7e060c0 t nfs_umountall_req
c7e06118 t nfs_lookup_req
c7e061c0 t nfs_read_req
c7e06240 t nfs_readlink_req
c7e06298 t NfsSend
c7e0632c t NfsHandler
c7e0682c T NfsStart
c7e06a68 t dm9000_outblk_8bit
c7e06a90 t dm9000_outblk_16bit
c7e06ac4 t dm9000_outblk_32bit
c7e06af8 t dm9000_inblk_8bit
c7e06b20 t dm9000_inblk_16bit
c7e06b54 t dm9000_inblk_32bit
c7e06b88 t dm9000_rx_status_32bit
c7e06bb0 t dm9000_rx_status_16bit
c7e06bd4 t dm9000_rx_status_8bit
c7e06c08 t phy_read
c7e06c68 t dm9000_reset
c7e06d28 T eth_set_mac
c7e06db8 T eth_init
c7e0714c T eth_send
c7e07228 T eth_halt
c7e072b0 T eth_rx
c7e0740c T read_srom_word
c7e07474 T write_srom_word
c7e074d8 T nand_init
c7e07570 t generic_ffs
c7e075c0 t nand_release_device
c7e075d8 t nand_read_byte
c7e075e8 t nand_read_byte16
c7e075fc t nand_read_word
c7e0760c t nand_write_buf
c7e07638 t nand_read_buf
c7e07660 t nand_verify_buf
c7e076a0 t nand_write_buf16
c7e076d0 t nand_read_buf16
c7e076fc t nand_verify_buf16
c7e07740 t nand_block_bad
c7e07830 t nand_check_wp
c7e0786c t nand_read_page_raw
c7e078a4 t nand_read_page_swecc
c7e079b0 t nand_read_page_hwecc
c7e07ad8 t nand_read_page_syndrome
c7e07c00 t nand_read_oob_std
c7e07c48 t nand_read_oob_syndrome
c7e07d4c t nand_write_oob_std
c7e07dbc t nand_write_oob_syndrome
c7e07f70 t nand_write_page_raw
c7e07fa4 t nand_write_page_swecc
c7e08050 t nand_write_page_hwecc
c7e08110 t nand_write_page_syndrome
c7e08204 t single_erase_cmd
c7e08240 t multi_erase_cmd
c7e082cc t nand_sync
c7e082d0 t nand_suspend
c7e082d8 t nand_resume
c7e082f8 t nand_select_chip
c7e08354 t nand_block_isbad
c7e083ac t nand_block_markbad
c7e083e8 t nand_fill_oob
c7e084f4 t nand_do_write_oob
c7e08600 t nand_do_write_ops
c7e08920 t nand_write_oob
c7e089b8 t nand_write
c7e08a3c t nand_transfer_oob
c7e08b48 t nand_write_page
c7e08bf0 t nand_default_block_markbad
c7e08ca4 t nand_wait
c7e08d78 T nand_wait_ready
c7e08d8c t nand_do_read_ops
c7e09118 t nand_read_oob
c7e092cc T nand_read
c7e09350 t nand_command
c7e09510 t nand_command_lp
c7e09758 T nand_erase_nand
c7e09a24 t nand_erase
c7e09a2c T nand_scan_ident
c7e09f20 T nand_scan_tail
c7e0a3e4 T nand_scan
c7e0a404 T nand_release
c7e0a42c T nand_calculate_ecc
c7e0a51c T nand_correct_data
c7e0a63c t check_pattern
c7e0a6f0 t scan_read_raw
c7e0a738 t search_bbt
c7e0a8dc t create_bbt
c7e0ac2c t read_bbt
c7e0ae20 t read_abs_bbt
c7e0aef0 t write_bbt
c7e0b520 T nand_update_bbt
c7e0b660 t mark_bbt_region
c7e0b7d4 T nand_scan_bbt
c7e0bc7c T nand_default_bbt
c7e0bd3c T nand_isbad_bbt
c7e0bd90 t ExecuteCmd
c7e0bd98 t SetLinuxCommandLine
c7e0be38 t cread_add_char.clone.1
c7e0bf30 T readline
c7e0c580 T run_command
c7e0c964 T FriendlyARM1Wire
c7e0c9b0 T FriendlyARMGetDataFromUsbAndWriteNand
c7e0caac T FriendlyARMMenu
c7e0cf10 T main_loop
c7e0d038 T do_bdinfo
c7e0d130 T do_go
c7e0d1b0 t __fswab32
c7e0d1cc t do_imls
c7e0d1d4 t zfree
c7e0d1dc t zalloc
c7e0d1ec T print_image_hdr
c7e0d344 T gunzip
c7e0d494 T do_bootm
c7e0da30 t on_off
c7e0da70 T do_branch
c7e0daf8 T do_dcache
c7e0db80 T do_icache
c7e0dc08 t addr_spec
c7e0dcbc T do_flinfo
c7e0dcf8 t abbrev_spec
c7e0dd30 T flash_sect_erase
c7e0dd48 T do_flerase
c7e0de94 T flash_sect_protect
c7e0deac T do_protect
c7e0e070 t evalstr
c7e0e08c t evalexp
c7e0e0d4 T binary_test
c7e0e2b4 T do_itest
c7e0e360 t bin_data_init
c7e0e380 t bin_data_char
c7e0e3b0 t load_serial_ymodem
c7e0e4e4 t getcxmodem
c7e0e504 t load_serial
c7e0e748 T do_load_serial
c7e0e824 T send_pad
c7e0e850 T ktrans
c7e0e870 T chk1
c7e0e898 T s1_sendpacket
c7e0e8bc T send_ack
c7e0e91c T send_nack
c7e0e97c T k_data_init
c7e0e99c T k_data_save
c7e0e9c8 T k_data_restore
c7e0e9f4 T k_data_char
c7e0ea44 T handle_send_packet
c7e0ec08 T do_load_serial_bin
c7e0f080 T do_mem_base
c7e0f0c4 T do_mem_crc
c7e0f184 T do_mem_mtest
c7e0f2ac T cmd_get_data_size
c7e0f2fc T do_mem_loop
c7e0f404 T do_mem_cp
c7e0f538 T do_mem_cmp
c7e0f6d4 T do_mem_mw
c7e0f7a4 t mod_mem.clone.0
c7e0f900 T do_mem_nm
c7e0f928 T do_mem_mm
c7e0f950 T do_mem_md
c7e0fb2c T do_sleep
c7e0fbbc t __fswab32
c7e0fbd8 t str2long
c7e0fc14 T do_nandboot
c7e0fe68 t arg_off_size.clone.1
c7e0ff4c T FriendlyARMGetNandSizeInMB
c7e0ff94 T FriendlyARMReadNand
c7e100b4 T FriendlyARMFormat
c7e10118 T FriendlyARMFormatFrom
c7e10144 T FriendlyARMWriteNand
c7e10520 T do_nand
c7e112b8 T do_ping
c7e11348 t netboot_common
c7e11604 T do_nfs
c7e11610 T do_rarpb
c7e1161c T do_tftpb
c7e11628 T do_bootp
c7e11634 t envmatch
c7e116ac T do_saveenv
c7e116d8 T do_printenv
c7e11888 T _do_setenv
c7e11d2c T do_setenv
c7e11d68 T setenv
c7e11d98 T getenv
c7e11e1c T getenv_r
c7e11ef0 T usb_get_class_desc
c7e11f9c T usb_display_class_sub
c7e12110 T usb_display_string
c7e12148 T usb_display_desc
c7e12274 T usb_display_conf_desc
c7e12320 T usb_display_if_desc
c7e123a8 T usb_display_ep_desc
c7e12464 T usb_display_config
c7e124f0 T usb_show_tree_graph
c7e126fc T usb_show_tree
c7e12730 T do_usb
c7e12904 T do_echo
c7e12984 T do_version
c7e129a4 T do_exit
c7e129d4 T do_test
c7e12e44 T find_cmd
c7e12ed8 T do_help
c7e13098 t console_setfile
c7e1315c T serial_printf
c7e13198 T fgetc
c7e131c4 T ftstc
c7e131f0 T fputc
c7e13218 T fputs
c7e13240 T fprintf
c7e13284 T getc
c7e132a8 T tstc
c7e132cc T putc
c7e132f4 T puts
c7e1331c T printf
c7e13358 T vprintf
c7e13388 T ctrlc
c7e133e0 T disable_ctrlc
c7e133f8 T had_ctrlc
c7e13408 T clear_ctrlc
c7e1341c T dbg
c7e13428 T console_assign
c7e134b8 T console_init_f
c7e134d4 T console_init_r
c7e13670 T device_register
c7e13694 T devices_init
c7e13740 T devices_done
c7e1375c T malloc_bin_reloc
c7e13794 T malloc_trim
c7e13864 T free
c7e13a90 T cfree
c7e13a94 T malloc
c7e14010 T calloc
c7e140f0 T memalign
c7e14200 T pvalloc
c7e14218 T valloc
c7e14224 T realloc
c7e14674 T malloc_usable_size
c7e146b4 T mallopt
c7e14728 T env_get_char_memory
c7e14754 t env_get_char_init
c7e14780 T env_crc_update
c7e147ac T env_get_addr
c7e147d8 T env_relocate
c7e14880 t use_default
c7e14918 T env_get_char_spec
c7e14930 T env_init
c7e14958 T saveenv
c7e14a4c T env_relocate_spec
c7e14b40 t dummy
c7e14b44 T get_version
c7e14b4c T jumptable_init
c7e14c34 T flash_protect
c7e14d2c T addr2info
c7e14d34 T flash_write
c7e14d44 T flash_perror
c7e14e24 t static_get
c7e14e40 t static_peek
c7e14e4c t file_peek
c7e14e58 t is_assignment
c7e14eac t file_get
c7e15054 t syntax_err
c7e15060 t xmalloc
c7e15080 t free_pipe_list
c7e15164 t xrealloc
c7e15184 t done_command
c7e1520c t b_addchr
c7e15284 t b_addqchr
c7e152d0 t insert_var_value
c7e15478 t set_local_var.clone.2
c7e155f8 T simple_itoa
c7e15650 T new_pipe
c7e15678 t done_pipe
c7e156c4 T reserved_word
c7e15874 t done_word
c7e159f0 T mapset
c7e15a14 T update_ifs_map
c7e15a84 T parse_string_outer
c7e15b74 t run_list_real
c7e1634c t parse_stream_outer
c7e1696c T parse_file_outer
c7e169b0 T u_boot_hush_start
c7e16a38 T NewHandle
c7e16a94 T DisposeHandle
c7e16ab4 T GetHandleSize
c7e16abc T SetHandleSize
c7e16b38 T ListCreate
c7e16b98 T ListSetAllocationPolicy
c7e16bac T ListDispose
c7e16bb0 T ListInsertItems
c7e16d74 T ListInsertItem
c7e16d7c T ListGetItems
c7e16dbc T ListGetPtrToItem
c7e16dec T ListGetDataPtr
c7e16df8 T ListGetItemSize
c7e16e04 T ListNumItems
c7e16e10 t hex1_bin
c7e16e48 t hex2_bin
c7e16e7c T srec_decode
c7e170f4 T wait_ms
c7e17118 T usb_stop
c7e17138 T usb_disable_asynch
c7e17150 T usb_submit_int_msg
c7e17154 T usb_control_msg
c7e17220 T usb_bulk_msg
c7e17288 T usb_maxpacket
c7e172ac T usb_set_maxpacket
c7e17398 T usb_parse_config
c7e17540 T usb_clear_halt
c7e175f0 T usb_get_descriptor
c7e17658 T usb_get_configuration_no
c7e17704 T usb_set_address
c7e17744 T usb_set_interface
c7e17808 T usb_set_configuration
c7e17870 T usb_set_protocol
c7e178cc T usb_set_idle
c7e17930 T usb_get_report
c7e179a0 T usb_get_class_descriptor
c7e17a10 T usb_get_string
c7e17a84 t usb_string_sub
c7e17b84 T usb_string
c7e17c84 T usb_get_dev_index
c7e17cb4 T usb_alloc_new_device
c7e17d3c T usb_get_hub_descriptor
c7e17d98 T usb_clear_hub_feature
c7e17dec T usb_clear_port_feature
c7e17e48 T usb_set_port_feature
c7e17ea4 t usb_hub_power_on
c7e17ee8 T usb_get_hub_status
c7e17f38 T usb_get_port_status
c7e17f94 T usb_hub_reset
c7e17fa8 T usb_hub_allocate
c7e17ff0 T usb_hub_probe
c7e1804c T usb_new_device
c7e182d0 T usb_hub_port_connect_change
c7e1842c T usb_hub_configure
c7e18658 T usb_scan_devices
c7e186c0 T usb_init
c7e1873c T CYGACC_COMM_IF_GETC_TIMEOUT
c7e18790 t xyzModem_flush
c7e187bc t xyzModem_get_hdr
c7e18a34 T CYGACC_COMM_IF_PUTC
c7e18a3c T parse_num
c7e18b58 T xyzModem_stream_open
c7e18c9c T xyzModem_stream_read
c7e18eec T xyzModem_stream_close
c7e18f3c T xyzModem_stream_terminate
c7e18fd0 T xyzModem_error
c7e18ff0 T do_usbd_dnw
c7e190f8 T FriendlyARMGetDataFromUSB
c7e1921c T do_movi
c7e1948c T cyg_crc16
c7e194d4 T crc32
c7e195e0 T crc32_no_comp
c7e196e4 T display_options
c7e19704 T print_size
c7e197a4 T strcpy
c7e197c0 T strncpy
c7e197e8 T strcat
c7e1981c T strncat
c7e19880 T strcmp
c7e198b8 T strncmp
c7e19908 T strchr
c7e19934 T strlen
c7e19954 T strrchr
c7e1998c T strnlen
c7e199b4 T strspn
c7e199f8 T strpbrk
c7e19a38 T strtok
c7e19ab8 T strsep
c7e19aec T strswab
c7e19b38 T memset
c7e19b58 T bcopy
c7e19b84 T memcpy
c7e19ba8 T memmove
c7e19c04 T memcmp
c7e19c44 T memscan
c7e19c74 T strstr
c7e19cd8 T memchr
c7e19d08 T strdup
c7e19d3c t number
c7e19f48 T simple_strtoul
c7e19ff4 T simple_strtol
c7e1a01c T vsprintf
c7e1a3e0 T sprintf
c7e1a404 T panic
c7e1a450 t falloc
c7e1a474 t ffree
c7e1a478 t inflate_trees_free
c7e1a4ac t huft_build
c7e1aa74 t inflate_trees_fixed
c7e1ac70 t inflate_codes_new
c7e1acc0 t inflate_codes_free
c7e1ace0 t inflate_blocks_reset
c7e1ada8 T inflateEnd
c7e1ae40 T inflateReset
c7e1aea0 T inflateSync
c7e1afa0 T inflateInit2
c7e1b0e4 T inflateInit
c7e1b0ec T adler32
c7e1b264 T inflateIncomp
c7e1b390 t inflate_flush
c7e1b504 T inflate
c7e1d1e4 T board_init
c7e1d27c T dram_init
c7e1d2a8 T board_late_init
c7e1d340 T checkboard
c7e1d358 T virt_to_phy_smdk6410
c7e1d388 t write_hword.clone.0
c7e1d488 T flash_init
c7e1d4d4 T flash_print_info
c7e1d5e4 T flash_erase
c7e1d7e8 T write_buff
c7e1d934 t td_alloc
c7e1d974 t urb_free_priv.clone.4
c7e1d9b0 t td_fill.clone.0.clone.5
c7e1da58 T sohci_submit_job
c7e1df9c T rh_check_port_status
c7e1dfa4 T submit_common_msg
c7e1dfac T submit_bulk_msg
c7e1dfb4 T submit_control_msg
c7e1dfbc T submit_int_msg
c7e1dfc4 T usb_lowlevel_init
c7e1dfcc T usb_lowlevel_stop
c7e1dfd4 t s3c_nand_hwcontrol
c7e1e048 t s3c_nand_device_ready
c7e1e064 t s3c_nand_enable_hwecc
c7e1e0d0 t s3c_nand_calculate_ecc
c7e1e190 t s3c_nand_write_oob_1bit
c7e1e270 t s3c_nand_read_oob_1bit
c7e1e338 t s3c_nand_write_page_1bit
c7e1e4b8 t s3c_nand_read_page_1bit
c7e1e654 t s3c_nand_correct_data
c7e1e810 t s3c_nand_scan_bbt
c7e1e814 T board_nand_init
c7e1ea08 T s3c_usb_init_phy
c7e1ea40 T s3c_usb_core_soft_reset
c7e1ea5c T s3c_usb_wait_cable_insert
c7e1eaa8 T s3c_usb_init_core
c7e1eac4 T s3c_usb_check_current_mode
c7e1ead8 T s3c_usb_set_soft_disconnect
c7e1eaec T s3c_usb_clear_soft_disconnect
c7e1eb00 T s3c_usb_init_device
c7e1eb28 T s3c_usbctl_init
c7e1ebac T s3c_usbc_activate
c7e1ebb4 T s3c_usb_stop
c7e1ebbc T s3c_usb_print_pkt
c7e1ec08 T s3c_usb_verify_checksum
c7e1ecc0 T s3c_usb_set_inep_xfersize
c7e1ecec T s3c_usb_set_outep_xfersize
c7e1ed1c T s3c_usb_write_ep0_fifo
c7e1ed68 T s3c_usb_write_in_fifo
c7e1edb4 T s3c_usb_read_out_fifo
c7e1edfc T s3c_usb_get_desc
c7e1ef0c T s3c_usb_clear_feature
c7e1ef7c T s3c_usb_set_feature
c7e1f0d4 T s3c_usb_get_status
c7e1f14c T s3c_usb_ep0_int_hndlr
c7e1f2b0 T s3c_usb_set_otherspeed_conf_desc
c7e1f3a4 T s3c_usb_transfer_ep0
c7e1fcd0 T s3c_usb_int_bulkin
c7e1fd94 T s3c_usb_upload_start
c7e1fef4 T s3c_usb_download_start
c7e20014 T s3c_usb_download_continue
c7e200a8 T s3c_usb_int_bulkout
c7e200d0 T s3c_usb_dma_in_done
c7e20170 T s3c_usb_dma_out_done
c7e2021c T s3c_usb_set_all_outep_nak
c7e20244 T s3c_usb_clear_all_outep_nak
c7e2026c T s3c_usb_set_max_pktsize
c7e202a8 T s3c_usb_set_endpoint
c7e202e8 T s3c_usb_set_descriptors
c7e2043c T s3c_usb_check_speed
c7e20454 T s3c_usb_clear_dnfile_info
c7e20470 T s3c_usb_clear_upfile_info
c7e2048c T s3c_usb_check_setconf
c7e204a4 T s3c_usb_set_opmode
c7e20510 T s3c_usb_reset
c7e2056c T s3c_usb_set_init
c7e205c8 T s3c_usb_pkt_receive
c7e20644 T s3c_usb_transfer
c7e20734 T s3c_udc_int_hndlr
c7e207d0 t __fswab32
c7e207ec T do_bootm_linux
c7e20b70 T flush_cache
c7e20b74 t set_pin_as_output
c7e20b90 t set_pin_value
c7e20bb4 t WaitTimerTick
c7e20be0 t crc8
c7e20c1c t TryOneWireSession
c7e20d58 T InitOneWire
c7e20d9c T GetInfo
c7e20de0 T SetBacklightOfLCD
c7e20e04 t nand_block_bad_scrub
c7e20e0c T nand_erase_opts
c7e21178 T nand_write_opts
c7e2169c T nand_read_opts
c7e21a40 T nand_lock
c7e21a94 T nand_get_lock_status
c7e21b20 T nand_unlock
c7e21c2c T __div64_32
c7e21d20 T __aeabi_uidiv
c7e21d20 T __udivsi3
c7e21d20 t .udivsi3_skip_div0_test
c7e21f0c T __aeabi_uidivmod
c7e21f2c T __aeabi_idiv
c7e21f2c T __divsi3
c7e21f34 t .divsi3_skip_div0_test
c7e2214c T __aeabi_idivmod
c7e2216c T __aeabi_lasr
c7e2216c T __ashrdi3
c7e22188 T __aeabi_llsl
c7e22188 T __ashldi3
c7e221a4 W __aeabi_idiv0
c7e223c8 r C.14.3249
c7e22448 R version_string
c7e22490 r default_nand_name
c7e22498 r __FUNCTION__.2403
c7e224ac r __FUNCTION__.2883
c7e224bc r __FUNCTION__.2651
c7e224d0 r __FUNCTION__.3040
c7e224e0 r nand_ecc_precalc_table
c7e225e0 r CSWTCH.50
c7e2262c r CSWTCH.53
c7e22674 r CSWTCH.56
c7e22698 r CSWTCH.59
c7e226a4 r CSWTCH.52
c7e226fc r CSWTCH.13
c7e2271c r crc16_tab
c7e2291c r crc_table
c7e22d1c r border
c7e22d68 r inflate_mask
c7e22dac R config_full
c7e22db8 R config_full_total
c7e22dd8 R config_high
c7e22de4 R config_high_total
c7e22e04 R qualifier_desc
c7e22e10 R string_desc0
c7e22e14 R string_desc1
c7e22e2c R string_desc2
c7e28e20 D init_sequence
c7e28e54 D NetOurVLAN
c7e28e58 D NetBcastAddr
c7e28e5e D NetOurNativeVLAN
c7e28e60 d nfs_offset
c7e28e64 D nand_curr_device
c7e28e68 d nand_oob_8
c7e28fb8 d nand_oob_16
c7e29108 d nand_oob_64
c7e29258 D nand_flash_ids
c7e297e0 D nand_manuf_ids
c7e29820 d largepage_flashbased
c7e29844 d smallpage_flashbased
c7e29868 d largepage_memorybased
c7e2988c d smallpage_memorybased
c7e298b0 d bbt_main_descr
c7e298d4 d bbt_mirror_descr
c7e298f8 d agand_flashbased
c7e2991c d bbt_pattern
c7e29920 d mirror_pattern
c7e29924 d scan_agand_pattern
c7e2992c d scan_ff_pattern
c7e29930 d buf.2110
c7e29d34 d hist_cur
c7e29d38 D load_addr
c7e29d3c D op_table
c7e29da4 d do_echo
c7e29da8 D dp_last_length
c7e29dac D stdio_names
c7e29db8 d av_
c7e2a1c0 d sbrk_base
c7e2a1c4 d trim_threshold
c7e2a1c8 d mmap_threshold
c7e2a1cc D default_environment
c7e2a2c8 D env_get_char
c7e2a2cc D default_environment_size
c7e2a2d0 D env_name_spec
c7e2a2d4 d reserved_list
c7e2a358 D _ctype
c7e2a458 d fixed_left
c7e2a45c d cplens
c7e2a4d8 d cplext
c7e2a554 d cpdist
c7e2a5cc d cpdext
c7e2a644 D zlib_version
c7e2a648 D z_errmsg
c7e2a668 d s3c_nand_oob_64
c7e2a7b8 d s3c_nand_oob_16
c7e2a908 D test_pkt
c7e2a940 d jffs2_oobinfo
c7e2aa90 d yaffs_oobinfo
c7e2abe0 d autoplace_oobinfo
c7e2ad30 A __u_boot_cmd_start
c7e2ad30 D __u_boot_cmd_bdinfo
c7e2ad48 D __u_boot_cmd_go
c7e2ad60 D __u_boot_cmd_reset
c7e2ad78 D __u_boot_cmd_bootm
c7e2ad90 D __u_boot_cmd_imls
c7e2ada8 D __u_boot_cmd_icache
c7e2adc0 D __u_boot_cmd_dcache
c7e2add8 D __u_boot_cmd_branch
c7e2adf0 D __u_boot_cmd_flinfo
c7e2ae08 D __u_boot_cmd_erase
c7e2ae20 D __u_boot_cmd_protect
c7e2ae38 D __u_boot_cmd_itest
c7e2ae50 D __u_boot_cmd_loads
c7e2ae68 D __u_boot_cmd_loadb
c7e2ae80 D __u_boot_cmd_loady
c7e2ae98 D __u_boot_cmd_md
c7e2aeb0 D __u_boot_cmd_mm
c7e2aec8 D __u_boot_cmd_nm
c7e2aee0 D __u_boot_cmd_mw
c7e2aef8 D __u_boot_cmd_cp
c7e2af10 D __u_boot_cmd_cmp
c7e2af28 D __u_boot_cmd_crc32
c7e2af40 D __u_boot_cmd_base
c7e2af58 D __u_boot_cmd_loop
c7e2af70 D __u_boot_cmd_mtest
c7e2af88 D __u_boot_cmd_sleep
c7e2afa0 D __u_boot_cmd_nand
c7e2afb8 D __u_boot_cmd_nboot
c7e2afd0 D __u_boot_cmd_bootp
c7e2afe8 D __u_boot_cmd_tftpboot
c7e2b000 D __u_boot_cmd_rarpboot
c7e2b018 D __u_boot_cmd_nfs
c7e2b030 D __u_boot_cmd_ping
c7e2b048 D __u_boot_cmd_printenv
c7e2b060 D __u_boot_cmd_setenv
c7e2b078 D __u_boot_cmd_saveenv
c7e2b090 D __u_boot_cmd_usb
c7e2b0a8 D __u_boot_cmd_version
c7e2b0c0 D __u_boot_cmd_echo
c7e2b0d8 D __u_boot_cmd_test
c7e2b0f0 D __u_boot_cmd_exit
c7e2b108 D __u_boot_cmd_help
c7e2b120 D __u_boot_cmd_question_mark
c7e2b138 D __u_boot_cmd_dnw
c7e2b150 D __u_boot_cmd_movi
c7e2b168 A __u_boot_cmd_end
c7e2c000 R mmu_table
c7e30000 A __bss_start
c7e30000 B movi_hc
c7e30004 B timer_load_val
c7e30008 b lastdec
c7e3000c b timestamp
c7e30010 b HS_DMA_END
c7e30014 b ocr_check
c7e30018 b rca
c7e3001c b HCLK
c7e30020 b mmc_card
c7e30024 b card_mid
c7e30028 b mmc_spec
c7e3002c b sd_spec
c7e30030 b wt_cnt_HSMMC
c7e30034 b BlockNum_HSMMC
c7e30038 b WriteBlockCnt_INT
c7e3003c b BufferBoundary_INT_Cnt
c7e30040 b CompareCnt_INT
c7e30044 b Compare_buffer_HSMMC
c7e30048 b rd_cnt_HSMMC
c7e3004c b ReadBlockCnt_INT
c7e30050 b Tx_buffer_HSMMC
c7e30054 b COMPARE_INT_DONE
c7e30058 b Rx_buffer_HSMMC
c7e3005c B gd
c7e30060 b mem_malloc_brk
c7e30064 b mem_malloc_start
c7e30068 b mem_malloc_end
c7e3006c B monitor_flash_len
c7e30070 B NetState
c7e30074 B NetPingIP
c7e30078 b packetHandler
c7e3007c b timeHandler
c7e30080 b timeStart
c7e30084 b timeDelta
c7e30088 B NetOurEther
c7e30090 B NetTxPacket
c7e30094 B NetOurIP
c7e30098 B NetArpWaitPacketIP
c7e3009c B NetOurSubnetMask
c7e300a0 B NetOurGatewayIP
c7e300a4 B NetArpWaitReplyIP
c7e300a8 B NetArpWaitTimerStart
c7e300ac B NetArpWaitTry
c7e300b0 b mac.2273
c7e300b8 B NetEtherNullAddr
c7e300c0 B NetArpWaitPacketMAC
c7e300c4 B NetArpWaitTxPacket
c7e300c8 B NetIPID
c7e300cc b PingSeqNo
c7e300d0 B NetArpWaitTxPacketSize
c7e300d4 B NetRxPkt
c7e300d8 B NetRxPktLen
c7e300dc B NetServerIP
c7e300e0 B NetServerEther
c7e300e8 B PktBuf
c7e31f08 B NetRxPackets
c7e31f18 B NetArpWaitPacketBuf
c7e32538 B NetBootFileXferSize
c7e3253c B NetOurDNSIP
c7e32540 B NetOurNISDomain
c7e32560 B NetOurHostName
c7e32580 B NetOurRootPath
c7e325c0 B NetBootFileSize
c7e325c4 B BootFile
c7e32644 b TftpState
c7e32648 b tftp_filename
c7e3264c b TftpBlock
c7e32650 b TftpServerPort
c7e32654 b TftpOurPort
c7e32658 b TftpTimeoutCount
c7e3265c b TftpBlockWrap
c7e32660 b TftpBlockWrapOffset
c7e32664 b TftpLastBlock
c7e32668 b default_filename
c7e32678 B BootpID
c7e3267c B BootpTry
c7e32680 B RarpTry
c7e32684 b rpc_id
c7e32688 b NfsSrvMountPort
c7e3268c b NfsSrvNfsPort
c7e32690 b NfsServerIP
c7e32694 b NfsOurPort
c7e32698 b fs_mounted
c7e3269c b dirfh
c7e326bc b filefh
c7e326dc b NfsState
c7e326e0 b nfs_path
c7e326e4 b nfs_filename
c7e326e8 b nfs_len
c7e326ec b NfsDownloadState
c7e326f0 b nfs_path_buff
c7e32ef0 b default_filename
c7e32f30 b NfsTimeoutCount
c7e32f34 b dm9000_info
c7e32fdc B nand_info
c7e33090 b nand_chip
c7e33194 B console_buffer
c7e33294 b initted.1974
c7e33298 b hist_max
c7e3329c b hist_add_idx
c7e332a0 B hist_num
c7e332a4 B hist_lines
c7e346a4 B hist_list
c7e346f4 b Lcd
c7e346f6 b FirmwareVer
c7e346f8 B header
c7e34738 b os_data_state
c7e3473c B os_data_count
c7e34740 b os_data_addr
c7e34744 b bin_start_address
c7e34748 B his_pad_count
c7e3474c B his_pad_char
c7e34750 b a_b
c7e34768 B his_eol
c7e3476c b k_data_escape
c7e34770 B os_data_init
c7e34774 b k_data_escape_saved
c7e34778 b os_data_state_saved
c7e3477c b os_data_count_saved
c7e34780 b os_data_addr_saved
c7e34784 B os_data_char
c7e34788 B his_quote
c7e3478c B send_ptr
c7e34790 B send_parms
c7e347a4 B os_data_header
c7e347c4 b base_address
c7e347c8 B mm_last_addr
c7e347cc B mm_last_size
c7e347d0 B dp_last_addr
c7e347d4 B dp_last_size
c7e347d8 b write_oob.2647
c7e34a58 b ctrlc_disabled
c7e34a5c b ctrlc_was_pressed
c7e34a60 B devlist
c7e34a64 B stdio_devices
c7e34a70 b current_mallinfo
c7e34a98 b top_pad
c7e34a9c b max_sbrked_mem
c7e34aa0 b max_total_mem
c7e34aa4 b n_mmaps_max
c7e34aa8 B env_ptr
c7e34aac b flag_repeat
c7e34ab0 b do_repeat
c7e34ab4 b the_command.2068
c7e34bb4 b buf.2255
c7e34bdc B last_return_code
c7e34be0 b top_vars
c7e34be4 b local.2052
c7e34bfc b map
c7e34cfc b ifs
c7e34d00 B nesting_level
c7e34d04 b asynch_allowed
c7e34d08 B usb_started
c7e34d0c b usb_hub_index
c7e34d10 b setup_packet
c7e34d18 b usb_dev
c7e41598 b dev_index
c7e4159c b hub_dev
c7e4169c b running
c7e416a0 b xyz
c7e41adc B ofsinfo
c7e41af0 B ___strtok
c7e41af4 b fixed_mem
c7e42b84 b fixed_lock
c7e42b88 b fixed_built
c7e42b8c b fixed_bl
c7e42b90 b fixed_tl
c7e42b94 b fixed_bd
c7e42b98 b fixed_td
c7e42b9c B flash_info
c7e42c00 B ptd
c7e42c04 B urb_priv
c7e42cd8 b gohci
c7e42da0 B ohci_dev
c7e42f40 B gtd
c7e44000 B ghcca
c7e44100 B phcca
c7e44104 B got_rhsc
c7e44108 B devgone
c7e44200 B boot_nand
c7e44204 B cur_ecc_mode
c7e44208 B nand_type
c7e4420c B otg
c7e44290 B speed
c7e44294 B UsbDownloadFileSize
c7e44298 B UsbDownloadChecksumOK
c7e4429c B remode_wakeup
c7e442a0 B get_status
c7e442a6 B config_value
c7e442a8 B get_intf
c7e442ac B s3c_usbd_dn_addr
c7e442b0 B s3c_receive_done
c7e442b4 B op_mode
c7e442b8 B s3c_got_header
c7e442bc B DNW
c7e442c0 b params
c7e442c4 b none_oobinfo
c7e44414 b data_buf
c7e44c14 b oob_buf
c7e44c54 A _end
